{
    "version": "2.0.0",
    "tasks": [
        {
            "label": "Pre Debug Check & Start All",
            "dependsOn": [
                "validate local prerequisites",
                "start ngrok",
                "prepare local environment",
                "Start All"
            ],
            "dependsOrder": "sequence"
        },
        {
            // Check if all required prerequisites are installed and will install them if not.
            // See https://aka.ms/teamsfx-check-prerequisites-task to know the details and how to customize the args.
            "label": "validate local prerequisites",
            "type": "teamsfx",
            "command": "debug-check-prerequisites",
            "presentation": {
                "reveal": "never"
            },
            "args": {
                "prerequisites": [
                    "nodejs", // Validate if Node.js is installed.
                    "m365Account", // Sign-in prompt for Microsoft 365 account, then validate if the account enables the sideloading permission.
                    "portOccupancy" // Validate available ports to ensure those debug ones are not occupied.
                ],
                "portOccupancy": [
                    3978, // bot service port
                    9239 // bot inspector port for Node.js debugger
                ]
            }
        },
        {
            "label": "start ngrok",
            "dependsOn": [
                "Start local tunnel"
            ]
        },
        {
            // Start the local tunnel service to forward public ngrok URL to local port and inspect traffic.
            // See https://aka.ms/teamsfx-local-tunnel-task for the detailed args definitions,
            // as well as samples to:
            //   - use your own ngrok command / configuration / binary
            //   - use your own tunnel solution
            //   - provide alternatives if ngrok does not work on your dev machine
            "label": "Start local tunnel",
            "type": "teamsfx",
            "command": "debug-start-local-tunnel",
            "args": {
                "type": "ngrok",
                "ngrokArgs": "http 3978 --log=stdout --log-format=logfmt",
                "env": "local",
                "writeToEnvironmentFile": {
                    // Keep consistency with upgraded configuration.
                    "endpoint": "PROVISIONOUTPUT__AZUREFUNCTIONBOTOUTPUT__SITEENDPOINT",
                    "domain": "PROVISIONOUTPUT__AZUREFUNCTIONBOTOUTPUT__DOMAIN"
                }
            },
            "isBackground": true,
            "problemMatcher": "$teamsfx-local-tunnel-watch"
        },
        {
            "label": "prepare local environment",
            "dependsOn": [
                "Provision",
                "Deploy"
            ],
            "dependsOrder": "sequence"
        },
        {
            // Create the debug resources.
            // See https://aka.ms/teamsfx-tasks/provision to know the details and how to customize the args.
            "label": "Provision",
            "type": "teamsfx",
            "command": "provision",
            "args": {
                "env": "local"
            }
        },
        {
            // Build project.
            // See https://aka.ms/teamsfx-tasks/deploy to know the details and how to customize the args.
            "label": "Deploy",
            "type": "teamsfx",
            "command": "deploy",
            "args": {
                "env": "local"
            }
        },
        {
            "label": "Start All",
            "dependsOn": [
                "Start Bot"
            ]
        },
        {
            "label": "Start Bot",
            "type": "shell",
            "command": "npm run dev:teamsfx",
            "isBackground": true,
            "problemMatcher": "$teamsfx-func-hosted-bot-watch",
            "options": {
                "cwd": "${workspaceFolder}/bot",
                "env": {
                    "PATH": "${command:fx-extension.get-func-path}${env:PATH}"
                }
            },
            "dependsOn": [
                "Start Azurite Emulator",
                "Watch Bot"
            ]
        },
        {
            "label": "Start Azurite Emulator",
            "type": "shell",
            "command": "npm run prepare-storage:teamsfx",
            "isBackground": true,
            "problemMatcher": {
                "pattern": [
                    {
                        "regexp": "^.*$",
                        "file": 0,
                        "location": 1,
                        "message": 2
                    }
                ],
                "background": {
                    "activeOnStart": true,
                    "beginsPattern": "Azurite",
                    "endsPattern": "successfully listening"
                }
            },
            "options": {
                "cwd": "${workspaceFolder}/bot"
            },
            "presentation": {
                "reveal": "silent"
            }
        },
        {
            "label": "Watch Bot",
            "type": "shell",
            "command": "npm run watch:teamsfx",
            "isBackground": true,
            "problemMatcher": "$tsc-watch",
            "options": {
                "cwd": "${workspaceFolder}/bot"
            },
            "presentation": {
                "reveal": "silent"
            }
        }
    ]
}