version: 1.0.0

provision:
  - uses: aadApp/create # Creates a new Azure Active Directory (AAD) app to authenticate users if the environment variable that stores clientId is empty
    with:
      name: ${{CONFIG__MANIFEST__APPNAME__SHORT}}-aad # Note: when you run aadApp/update, the AAD app name will be updated based on the definition in manifest. If you don't want to change the name, make sure the name in AAD manifest is the same with the name defined here.
      generateClientSecret: true # If the value is false, the action will not generate client secret for you
    writeToEnvironmentFile: # Write the information of created resources into environment file for the specified environment variable(s).
      clientId: AAD_APP_CLIENT_ID
      clientSecret: SECRET_AAD_APP_CLIENT_SECRET # Environment variable that starts with `SECRET_` will be stored to the .env.{envName}.user environment file
      objectId: AAD_APP_OBJECT_ID
      tenantId: AAD_APP_TENANT_ID
      authority: AAD_APP_OAUTH_AUTHORITY
      authorityHost: AAD_APP_OAUTH_AUTHORITY_HOST

  - uses: teamsApp/create # Creates a Teams app
    with:
      name: ${{CONFIG__MANIFEST__APPNAME__SHORT}} # Teams app name
    writeToEnvironmentFile:
      teamsAppId: TEAMS_APP_ID

  - uses: botAadApp/create # Creates a new AAD app for bot if BOT_ID environment variable is empty
    with:
      name: ${{CONFIG__MANIFEST__APPNAME__SHORT}}-bot
    writeToEnvironmentFile:
      botId: BOT_ID
      botPassword: SECRET_BOT_PASSWORD

  - uses: botFramework/create # Create or update the bot registration on dev.botframework.com
    with:
      botId: ${{BOT_ID}}
      name: ${{CONFIG__MANIFEST__APPNAME__SHORT}}-bot
      messagingEndpoint: ${{PROVISIONOUTPUT__BOTOUTPUT__SITEENDPOINT}}/api/messages
      description: ""
      channels:
        - name: msteams

  - uses: aadApp/update # Apply the AAD manifest to an existing AAD app. Will use the object id in manifest file to determine which AAD app to update.
    with:
      manifestPath: ./aad.manifest.json # Relative path to this file. Environment variables in manifest will be replaced before apply to AAD app
      outputFilePath : ./build/aad.manifest.${{TEAMSFX_ENV}}.json
    # Output: following environment variable will be persisted in current environment's .env file.
    # AAD_APP_ACCESS_AS_USER_PERMISSION_ID: the id of access_as_user permission which is used to enable SSO

  - uses: teamsApp/validateManifest # Validate using manifest schema
    with:
      manifestPath: ./appPackage/manifest.json # Path to manifest template

  - uses: teamsApp/zipAppPackage # Build Teams app package with latest env value
    with:
      manifestPath: ./appPackage/manifest.json # Path to manifest template
      outputZipPath: ./build/appPackage/appPackage.${{TEAMSFX_ENV}}.zip
      outputJsonPath: ./build/appPackage/manifest.${{TEAMSFX_ENV}}.json

  - uses: teamsApp/update # Apply the Teams app manifest to an existing Teams app in Teams Developer Portal. Will use the app id in manifest file to determine which Teams app to update.
    with:
      appPackagePath: ./build/appPackage/appPackage.${{TEAMSFX_ENV}}.zip # Relative path to this file. This is the path for built zip file.
    writeToEnvironmentFile:
      teamsAppId: TEAMS_APP_ID

deploy:
  - uses: cli/runNpmCommand # Run npm command
    with:
      args: install -D env-cmd
      workingDirectory: .

  - uses: file/createOrUpdateEnvironmentFile # Generate runtime environment variables
    with:
      target: ./bot/.localSettings
      envs:
        BOT_ID: ${{BOT_ID}}
        BOT_PASSWORD: ${{SECRET_BOT_PASSWORD}}
        M365_CLIENT_ID: ${{AAD_APP_CLIENT_ID}}
        M365_CLIENT_SECRET: ${{SECRET_AAD_APP_CLIENT_SECRET}}
        M365_TENANT_ID: ${{AAD_APP_TENANT_ID}}
        M365_AUTHORITY_HOST: ${{AAD_APP_OAUTH_AUTHORITY_HOST}}
        INITIATE_LOGIN_ENDPOINT: ${{PROVISIONOUTPUT__BOTOUTPUT__SITEENDPOINT}}/auth-start.html
        M365_APPLICATION_ID_URI: api://botid-${{BOT_ID}}

