version: 1.0.0

provision:
  - uses: teamsApp/create # Creates a Teams app
    with:
      name: ${{CONFIG__MANIFEST__APPNAME__SHORT}} # Teams app name
    writeToEnvironmentFile:
      teamsAppId: TEAMS_APP_ID

  - uses: script # Set env for local launch
    name: Set PROVISIONOUTPUT__AZURESTORAGETABOUTPUT__DOMAIN for local launch
    with:
      run: echo "::set-output PROVISIONOUTPUT__AZURESTORAGETABOUTPUT__DOMAIN=localhost:53000"
  - uses: script # Set env for local launch
    name: Set PROVISIONOUTPUT__AZURESTORAGETABOUTPUT__ENDPOINT for local launch
    with:
      run: echo "::set-output PROVISIONOUTPUT__AZURESTORAGETABOUTPUT__ENDPOINT=https://localhost:53000"
  - uses: script # Set env for local launch
    name: Set PROVISIONOUTPUT__AZURESTORAGETABOUTPUT__INDEXPATH for local launch
    with:
      run: echo "::set-output PROVISIONOUTPUT__AZURESTORAGETABOUTPUT__INDEXPATH=/index.html#"

  - uses: teamsApp/validateManifest # Validate using manifest schema
    with:
      manifestPath: ./appPackage/manifest.json # Path to manifest template

  - uses: teamsApp/zipAppPackage # Build Teams app package with latest env value
    with:
      manifestPath: ./appPackage/manifest.json # Path to manifest template
      outputZipPath: ./build/appPackage/appPackage.${{TEAMSFX_ENV}}.zip
      outputJsonPath: ./build/appPackage/manifest.${{TEAMSFX_ENV}}.json

  - uses: teamsApp/update # Apply the Teams app manifest to an existing Teams app in Teams Developer Portal. Will use the app id in manifest file to determine which Teams app to update.
    with:
      appPackagePath: ./build/appPackage/appPackage.${{TEAMSFX_ENV}}.zip # Relative path to this file. This is the path for built zip file.
    writeToEnvironmentFile:
      teamsAppId: TEAMS_APP_ID

deploy:
  - uses: prerequisite/install # Install dependencies
    with:
      devCert:
        trust: true
    writeToEnvironmentFile: # Write the information of installed dependencies into environment file for the specified environment variable(s).
      sslCertFile: SSL_CRT_FILE
      sslKeyFile: SSL_KEY_FILE

  - uses: file/createOrUpdateEnvironmentFile # Generate runtime environment variables
    with:
      target: ./tabs/.env.teamsfx.local
      envs:
        BROWSER: none
        HTTPS: true
        PORT: 53000
        SSL_CRT_FILE: ${{SSL_CRT_FILE}}
        SSL_KEY_FILE: ${{SSL_KEY_FILE}}

  - uses: cli/runNpmCommand # Run npm command
    with:
      args: install --no-audit
      workingDirectory: ./tabs

